---
source: quil-rs/src/program/calibration.rs
expression: calibrated_program.to_string()
---
DEFCAL MEASURE 0 addr:
	PRAGMA INCORRECT_ORDERING

DEFCAL MEASURE 0 addr:
	PRAGMA CORRECT

DEFCAL MEASURE q addr:
	PRAGMA INCORRECT_PRECEDENCE

DEFCAL MEASURE 1 addr:
	PRAGMA INCORRECT_QUBIT

DEFCAL MEASURE addr:
	PRAGMA INCORRECT_PRECEDENCE

PRAGMA CORRECT

