---
source: src/program/graphviz_dot.rs
expression: dot_format
---
digraph {
  entry -> "block_0_start";
  entry [label="Entry Point"];
  subgraph cluster_0 {
    label="block_0";
    node [style="filled"];
    "block_0_start" [shape=circle, label="start"];
    "block_0_start" -> "block_0_0" [label="ordering"];
    "block_0_0" [shape=rectangle, label="[0] MOVE ro[0] 1"];
    "block_0_0" -> "block_0_1" [label="await write
ordering"];
    "block_0_1" [shape=rectangle, label="[1] MOVE ro[1] 0"];
    "block_0_1" -> "block_0_2" [label="await write
ordering"];
    "block_0_2" [shape=rectangle, label="[2] ADD ro[0] 5"];
    "block_0_2" -> "block_0_3" [label="await write
ordering"];
    "block_0_3" [shape=rectangle, label="[3] SUB ro[1] ro[0]"];
    "block_0_3" -> "block_0_end" [label="await write
ordering"];
    "block_0_end" [shape=circle, label="end"];
  }
}

