---
source: src/program/graphviz_dot.rs
expression: dot_format
---
digraph {
  entry -> "block_0_start";
  entry [label="Entry Point"];
  subgraph cluster_0 {
    label="block_0";
    node [style="filled"];
    "block_0_start" [shape=circle, label="start"];
    "block_0_start" -> "block_0_0" [label="ordering
timing"];
    "block_0_start" -> "block_0_1" [label="ordering
timing"];
    "block_0_start" -> "block_0_2" [label="ordering
timing"];
    "block_0_start" -> "block_0_end" [label="ordering
timing"];
    "block_0_0" [shape=rectangle, label="[0] FENCE"];
    "block_0_0" -> "block_0_1" [label="ordering
timing"];
    "block_0_0" -> "block_0_2" [label="ordering
timing"];
    "block_0_0" -> "block_0_end" [label="ordering
timing"];
    "block_0_1" [shape=rectangle, label="[1] NONBLOCKING PULSE 0 1 \"cz\" test(duration: 1e-6)"];
    "block_0_1" -> "block_0_3" [label="ordering
timing"];
    "block_0_1" -> "block_0_end" [label="ordering
timing"];
    "block_0_2" [shape=rectangle, label="[2] NONBLOCKING PULSE 1 \"rf\" test(duration: 1e-6)"];
    "block_0_2" -> "block_0_3" [label="ordering
timing"];
    "block_0_2" -> "block_0_end" [label="ordering
timing"];
    "block_0_3" [shape=rectangle, label="[3] FENCE 1"];
    "block_0_3" -> "block_0_end" [label="ordering
timing"];
    "block_0_end" [shape=circle, label="end"];
  }
}

